// Jest Snapshot v1, https://goo.gl/fbAQLP

exports[`Test App rendering renders App without crashing 1`] = `
<Provider
  store={
    Object {
      "dispatch": [Function],
      "getState": [Function],
      "replaceReducer": [Function],
      "subscribe": [Function],
      Symbol(observable): [Function],
    }
  }
>
  <Component
    style={
      Object {
        "backgroundColor": "#fff",
        "flex": 1,
        "marginTop": 5,
        "padding": 5,
      }
    }
  >
    <Connect(ProductListScreen) />
  </Component>
</Provider>
`;
